// Jest Snapshot v1, https://goo.gl/fbAQLP

exports[`convertToWithMF should migrate a standard previous generated host config correctly 1`] = `
"const { withModuleFederation } = require('@nx/angular/module-federation');
const config = require('./module-federation.config');
module.exports = withModuleFederation(config);
"
`;

exports[`convertToWithMF should migrate a standard previous generated remote config correctly 1`] = `
"const { withModuleFederation } = require('@nx/angular/module-federation');
const config = require('./module-federation.config');
module.exports = withModuleFederation(config);
"
`;

exports[`convertToWithMF should migrate a standard previous generated remote config using object shared syntax correctly 1`] = `
"const { withModuleFederation } = require('@nx/angular/module-federation');
const config = require('./module-federation.config');
module.exports = withModuleFederation(config);
"
`;
