// Jest Snapshot v1, https://goo.gl/fbAQLP

exports[`Cypress e2e configuration v10+ should not override eslint settings if preset 1`] = `
{
  "extends": [
    "plugin:cypress/recommended",
    "../../.eslintrc.json",
  ],
  "ignorePatterns": [
    "!**/*",
  ],
  "overrides": [
    {
      "extends": [
        "plugin:@nx/angular",
        "plugin:@angular-eslint/template/process-inline-templates",
      ],
      "files": [
        "*.ts",
      ],
      "rules": {
        "@angular-eslint/component-selector": [
          "error",
          {
            "prefix": "cy-port-test",
            "style": "kebab-case",
            "type": "element",
          },
        ],
        "@angular-eslint/directive-selector": [
          "error",
          {
            "prefix": "cyPortTest",
            "style": "camelCase",
            "type": "attribute",
          },
        ],
      },
    },
    {
      "extends": [
        "plugin:@nx/angular-template",
      ],
      "files": [
        "*.html",
      ],
      "rules": {},
    },
    {
      "files": [
        "*.cy.{ts,js,tsx,jsx}",
        "cypress/**/*.{ts,js,tsx,jsx}",
      ],
      "rules": {},
    },
  ],
}
`;
