// Jest Snapshot v1, https://goo.gl/fbAQLP

exports[`@nx/vite/plugin with test node root project should create nodes - with test too 1`] = `
[
  [
    "vite.config.ts",
    {
      "projects": {
        ".": {
          "metadata": {},
          "root": ".",
          "targets": {
            "test": {
              "cache": true,
              "command": "vitest",
              "inputs": [
                "default",
                "^production",
                {
                  "externalDependencies": [
                    "vitest",
                  ],
                },
                {
                  "env": "CI",
                },
              ],
              "options": {
                "cwd": ".",
              },
              "outputs": [
                "{projectRoot}/coverage",
              ],
            },
          },
        },
      },
    },
  ],
]
`;
